// Jest Snapshot v1, https://goo.gl/fbAQLP

exports[`Map renders correctly to match the Skills snapshot 1`] = `
<DocumentFragment>
  <div />
</DocumentFragment>
`;
