// Jest Snapshot v1, https://goo.gl/fbAQLP

exports[`Skills renders correctly to match the Skills snapshot 1`] = `
<DocumentFragment>
  <div>
    <div
      class="map"
    >
      <div
        style="width: 100%; height: 100%; margin: 0px; padding: 0px; position: relative;"
      >
        <div
          style="width: 100%; height: 100%; left: 0px; top: 0px; margin: 0px; padding: 0px; position: absolute;"
        />
        <div
          style="width: 50%; height: 50%; left: 50%; top: 50%; margin: 0px; padding: 0px; position: absolute;"
        >
          <div
            style="width: 100%; height: 100%; left: 0px; top: 0px; margin: 0px; padding: 0px; position: absolute;"
          />
        </div>
      </div>
    </div>
  </div>
</DocumentFragment>
`;
